# serializer version: 1
# name: test_instantiation_without_sig
  '''
  Signature not provided:
    Concrete signature required for polymorphic Op `ineg`.
    See documentation for `OpDef.instantiate`:
    https://quantinuum.github.io/hugr/generated/hugr.ext.OpDef.html#hugr.ext.OpDef.instantiate
  '''
# ---
